// Jest Snapshot v1, https://goo.gl/fbAQLP

exports[`matches snapshot 1`] = `
<div
  data-testid="todo-1"
>
  <h4>
    prepare breakfast
  </h4>
</div>
`;
